../Core/Src/main.c:70:6:__io_putchar	16	static
../Core/Src/main.c:83:5:main	8	static
../Core/Src/main.c:139:6:SystemClock_Config	120	static
../Core/Src/main.c:192:13:MX_DTS_Init	8	static
../Core/Src/main.c:225:13:MX_ICACHE_Init	8	static
../Core/Src/main.c:257:13:MX_USART3_UART_Init	8	static
../Core/Src/main.c:305:13:MX_GPIO_Init	64	static
../Core/Src/main.c:432:6:HAL_GPIO_EXTI_Rising_Callback	16	static
../Core/Src/main.c:449:6:HAL_TIM_PeriodElapsedCallback	16	static
../Core/Src/main.c:466:6:Error_Handler	4	static,ignoring_inline_asm
