../Drivers/CMSIS/Include/core_cm33.h:2359:22:__NVIC_SetPriorityGrouping	24	static
../Drivers/CMSIS/Include/core_cm33.h:2378:26:__NVIC_GetPriorityGrouping	4	static
../Drivers/CMSIS/Include/core_cm33.h:2390:22:__NVIC_EnableIRQ	16	static,ignoring_inline_asm
../Drivers/CMSIS/Include/core_cm33.h:2428:22:__NVIC_DisableIRQ	16	static,ignoring_inline_asm
../Drivers/CMSIS/Include/core_cm33.h:2447:26:__NVIC_GetPendingIRQ	16	static
../Drivers/CMSIS/Include/core_cm33.h:2466:22:__NVIC_SetPendingIRQ	16	static
../Drivers/CMSIS/Include/core_cm33.h:2481:22:__NVIC_ClearPendingIRQ	16	static
../Drivers/CMSIS/Include/core_cm33.h:2498:26:__NVIC_GetActive	16	static
../Drivers/CMSIS/Include/core_cm33.h:2587:22:__NVIC_SetPriority	16	static
../Drivers/CMSIS/Include/core_cm33.h:2609:26:__NVIC_GetPriority	16	static
../Drivers/CMSIS/Include/core_cm33.h:2634:26:NVIC_EncodePriority	40	static
../Drivers/CMSIS/Include/core_cm33.h:2661:22:NVIC_DecodePriority	40	static
../Drivers/CMSIS/Include/core_cm33.h:2711:34:__NVIC_SystemReset	4	static,ignoring_inline_asm
../Drivers/STM32H5xx_HAL_Driver/Src/stm32h5xx_hal_cortex.c:184:6:HAL_NVIC_SetPriorityGrouping	16	static
../Drivers/STM32H5xx_HAL_Driver/Src/stm32h5xx_hal_cortex.c:207:6:HAL_NVIC_SetPriority	32	static
../Drivers/STM32H5xx_HAL_Driver/Src/stm32h5xx_hal_cortex.c:230:6:HAL_NVIC_EnableIRQ	16	static
../Drivers/STM32H5xx_HAL_Driver/Src/stm32h5xx_hal_cortex.c:247:6:HAL_NVIC_DisableIRQ	16	static
../Drivers/STM32H5xx_HAL_Driver/Src/stm32h5xx_hal_cortex.c:260:6:HAL_NVIC_SystemReset	8	static
../Drivers/STM32H5xx_HAL_Driver/Src/stm32h5xx_hal_cortex.c:270:10:HAL_NVIC_GetPriorityGrouping	8	static
../Drivers/STM32H5xx_HAL_Driver/Src/stm32h5xx_hal_cortex.c:298:6:HAL_NVIC_GetPriority	24	static
../Drivers/STM32H5xx_HAL_Driver/Src/stm32h5xx_hal_cortex.c:315:6:HAL_NVIC_SetPendingIRQ	16	static
../Drivers/STM32H5xx_HAL_Driver/Src/stm32h5xx_hal_cortex.c:331:10:HAL_NVIC_GetPendingIRQ	16	static
../Drivers/STM32H5xx_HAL_Driver/Src/stm32h5xx_hal_cortex.c:345:6:HAL_NVIC_ClearPendingIRQ	16	static
../Drivers/STM32H5xx_HAL_Driver/Src/stm32h5xx_hal_cortex.c:360:10:HAL_NVIC_GetActive	16	static
../Drivers/STM32H5xx_HAL_Driver/Src/stm32h5xx_hal_cortex.c:393:10:HAL_SYSTICK_Config	16	static
../Drivers/STM32H5xx_HAL_Driver/Src/stm32h5xx_hal_cortex.c:424:6:HAL_SYSTICK_CLKSourceConfig	16	static
../Drivers/STM32H5xx_HAL_Driver/Src/stm32h5xx_hal_cortex.c:463:10:HAL_SYSTICK_GetCLKSourceConfig	16	static
../Drivers/STM32H5xx_HAL_Driver/Src/stm32h5xx_hal_cortex.c:505:6:HAL_SYSTICK_IRQHandler	8	static
../Drivers/STM32H5xx_HAL_Driver/Src/stm32h5xx_hal_cortex.c:514:13:HAL_SYSTICK_Callback	4	static
../Drivers/STM32H5xx_HAL_Driver/Src/stm32h5xx_hal_cortex.c:551:6:HAL_MPU_Enable	16	static,ignoring_inline_asm
../Drivers/STM32H5xx_HAL_Driver/Src/stm32h5xx_hal_cortex.c:600:6:HAL_MPU_Disable	4	static,ignoring_inline_asm
../Drivers/STM32H5xx_HAL_Driver/Src/stm32h5xx_hal_cortex.c:644:6:HAL_MPU_EnableRegion	16	static
../Drivers/STM32H5xx_HAL_Driver/Src/stm32h5xx_hal_cortex.c:682:6:HAL_MPU_DisableRegion	16	static
../Drivers/STM32H5xx_HAL_Driver/Src/stm32h5xx_hal_cortex.c:720:6:HAL_MPU_ConfigRegion	16	static
../Drivers/STM32H5xx_HAL_Driver/Src/stm32h5xx_hal_cortex.c:744:6:HAL_MPU_ConfigMemoryAttributes	16	static
../Drivers/STM32H5xx_HAL_Driver/Src/stm32h5xx_hal_cortex.c:783:13:MPU_ConfigRegion	16	static,ignoring_inline_asm
../Drivers/STM32H5xx_HAL_Driver/Src/stm32h5xx_hal_cortex.c:824:13:MPU_ConfigMemoryAttributes	32	static,ignoring_inline_asm
